nohup: ignoring input
[I 2025-12-27 21:40:11.587 ServerApp] jupyter_lsp | extension was successfully linked.
[I 2025-12-27 21:40:11.590 ServerApp] jupyter_server_mathjax | extension was successfully linked.
[I 2025-12-27 21:40:11.592 ServerApp] jupyter_server_terminals | extension was successfully linked.
[I 2025-12-27 21:40:11.596 ServerApp] jupyterlab | extension was successfully linked.
[I 2025-12-27 21:40:11.596 ServerApp] jupyterlab_jupytext | extension was successfully linked.
[I 2025-12-27 21:40:11.596 ServerApp] nbdime | extension was successfully linked.
[I 2025-12-27 21:40:11.808 ServerApp] notebook_shim | extension was successfully linked.
[I 2025-12-27 21:40:11.818 ServerApp] notebook_shim | extension was successfully loaded.
[I 2025-12-27 21:40:11.820 ServerApp] jupyter_lsp | extension was successfully loaded.
[I 2025-12-27 21:40:11.820 ServerApp] jupyter_server_mathjax | extension was successfully loaded.
[I 2025-12-27 21:40:11.821 ServerApp] jupyter_server_terminals | extension was successfully loaded.
[I 2025-12-27 21:40:11.822 LabApp] JupyterLab extension loaded from /home/cauwee/.local/share/virtualenvs/senior-dev-rm-C0dCWeuv/lib/python3.12/site-packages/jupyterlab
[I 2025-12-27 21:40:11.822 LabApp] JupyterLab application directory is /home/cauwee/.local/share/virtualenvs/senior-dev-rm-C0dCWeuv/share/jupyter/lab
[I 2025-12-27 21:40:11.822 LabApp] Extension Manager is 'pypi'.
[I 2025-12-27 21:40:11.856 ServerApp] jupyterlab | extension was successfully loaded.
[I 2025-12-27 21:40:11.856 ServerApp] [Jupytext Server Extension] Deriving an AsyncTextFileContentsManager from AsyncLargeFileManager
[I 2025-12-27 21:40:11.857 ServerApp] jupyterlab_jupytext | extension was successfully loaded.
[I 2025-12-27 21:40:11.889 ServerApp] nbdime | extension was successfully loaded.
[I 2025-12-27 21:40:11.889 ServerApp] Serving notebooks from local directory: /home/cauwee/Dropbox/senior-dev-rm
[I 2025-12-27 21:40:11.889 ServerApp] Jupyter Server 2.17.0 is running at:
[I 2025-12-27 21:40:11.889 ServerApp] http://localhost:8888/lab?token=df584a8395c0ac0feeef1d87370427324cffbeb8102dc796
[I 2025-12-27 21:40:11.889 ServerApp]     http://127.0.0.1:8888/lab?token=df584a8395c0ac0feeef1d87370427324cffbeb8102dc796
[I 2025-12-27 21:40:11.889 ServerApp] Use Control-C to stop this server and shut down all kernels (twice to skip confirmation).
[C 2025-12-27 21:40:11.905 ServerApp] 
    
    To access the server, open this file in a browser:
        file:///home/cauwee/.local/share/jupyter/runtime/jpserver-10641-open.html
    Or copy and paste one of these URLs:
        http://localhost:8888/lab?token=df584a8395c0ac0feeef1d87370427324cffbeb8102dc796
        http://127.0.0.1:8888/lab?token=df584a8395c0ac0feeef1d87370427324cffbeb8102dc796
[I 2025-12-27 21:40:11.917 ServerApp] Skipped non-installed server(s): basedpyright, bash-language-server, dockerfile-language-server-nodejs, javascript-typescript-langserver, jedi-language-server, julia-language-server, pyrefly, pyright, python-language-server, python-lsp-server, r-languageserver, sql-language-server, texlab, typescript-language-server, unified-language-server, vscode-css-languageserver-bin, vscode-html-languageserver-bin, vscode-json-languageserver-bin, yaml-language-server
[W 2025-12-27 21:40:14.329 LabApp] Could not determine jupyterlab build status without nodejs
[I 2025-12-27 21:40:23.872 ServerApp] Kernel started: f0da1e4d-d85e-4f43-b6d0-19bab927e4cf
[I 2025-12-27 21:40:24.276 ServerApp] Connecting to kernel f0da1e4d-d85e-4f43-b6d0-19bab927e4cf.
[W 2025-12-27 21:40:24.277 ServerApp] The websocket_ping_timeout (90000) cannot be longer than the websocket_ping_interval (30000).
    Setting websocket_ping_timeout=30000
[I 2025-12-27 21:40:24.289 ServerApp] Connecting to kernel f0da1e4d-d85e-4f43-b6d0-19bab927e4cf.
[I 2025-12-27 21:40:24.302 ServerApp] Connecting to kernel f0da1e4d-d85e-4f43-b6d0-19bab927e4cf.
